// Jest Snapshot v1, https://goo.gl/fbAQLP

exports[`snapshot test of page 1`] = `
<DocumentFragment>
  <header
    class="MuiPaper-root MuiAppBar-root MuiAppBar-positionFixed MuiAppBar-colorPrimary makeStyles-appBarTransparent-11 mui-fixed MuiPaper-elevation4"
    data-testid="landingheader"
  >
    <div
      class="MuiToolbar-root MuiToolbar-regular MuiToolbar-gutters"
    >
      <h6
        class="MuiTypography-root makeStyles-text-10 makeStyles-white-9 MuiTypography-h6"
      >
        Agile Endor
      </h6>
      <button
        class="MuiButtonBase-root MuiButton-root MuiButton-outlined makeStyles-button-7 makeStyles-white-9"
        tabindex="0"
        type="button"
      >
        <span
          class="MuiButton-label"
        >
          Home
        </span>
        <span
          class="MuiTouchRipple-root"
        />
      </button>
      <button
        class="MuiButtonBase-root MuiButton-root MuiButton-outlined makeStyles-button-7 makeStyles-white-9"
        tabindex="0"
        type="button"
      >
        <span
          class="MuiButton-label"
        >
          About
        </span>
        <span
          class="MuiTouchRipple-root"
        />
      </button>
    </div>
  </header>
</DocumentFragment>
`;
