// Jest Snapshot v1, https://goo.gl/fbAQLP

exports[`snapshot test 1`] = `
<DocumentFragment>
  <div
    class="makeStyles-image-1"
    data-testid="heropage"
  >
    <div
      class="MuiGrid-root makeStyles-mainGrid-2 MuiGrid-container"
    >
      <div
        class="MuiGrid-root MuiGrid-container MuiGrid-spacing-xs-1 MuiGrid-item MuiGrid-grid-xs-12"
      >
        <div
          class="MuiGrid-root MuiGrid-item MuiGrid-grid-sm-1"
        />
        <div
          class="MuiGrid-root MuiGrid-item MuiGrid-grid-xs-6 MuiGrid-grid-sm-3"
        >
          <div
            class="makeStyles-leftText-3"
          >
            Vårt uppdrag:
          </div>
        </div>
        <div
          class="MuiGrid-root MuiGrid-container MuiGrid-item MuiGrid-grid-xs-12 MuiGrid-grid-sm-6"
        >
          <div
            class="makeStyles-rightText-4"
          >
            <div
              class="MuiGrid-root MuiGrid-item MuiGrid-grid-xs-12"
            >
              Vatten är dyrbart. Vi dedikerar oss för detta syfte.
            </div>
            <div
              class="MuiGrid-root MuiGrid-item MuiGrid-grid-xs-12"
            >
              Vi ger människor glädje.
            </div>
            <div
              class="MuiGrid-root MuiGrid-item MuiGrid-grid-xs-12"
            >
              Vi är ENDOR.
            </div>
          </div>
        </div>
      </div>
    </div>
  </div>
</DocumentFragment>
`;
