// Jest Snapshot v1, https://goo.gl/fbAQLP

exports[`snapshot test of page 1`] = `
<DocumentFragment>
  <footer
    class="makeStyles-footer-1"
  >
    <div
      class="MuiContainer-root MuiContainer-maxWidthLg"
    >
      <div
        class="MuiGrid-root MuiGrid-container MuiGrid-spacing-xs-2"
      >
        <div
          class="MuiGrid-root MuiGrid-item MuiGrid-grid-xs-12 MuiGrid-grid-md-6"
        >
          <h5
            class="MuiTypography-root makeStyles-text-2 MuiTypography-h5"
          >
            NAVIGATE
          </h5>
          <ul
            class="footer-ul"
          >
            <li>
              <a
                class="makeStyles-text-2"
                href="https://www.gu.se/"
                target="_blank"
              >
                Home
              </a>
            </li>
            <li>
              <a
                class="makeStyles-text-2"
                href="https://twitter.com/goteborgsuni?ref_src=twsrc%5Egoogle%7Ctwcamp%5Eserp%7Ctwgr%5Eauthor"
                target="_blank"
              >
                Twitter
              </a>
            </li>
            <li>
              <a
                class="makeStyles-text-2"
                href="https://www.facebook.com/goteborgsuniversitet"
                target="_blank"
              >
                Facebook
              </a>
            </li>
          </ul>
        </div>
        <div
          class="MuiGrid-root MuiGrid-item MuiGrid-grid-xs-12 MuiGrid-grid-md-4"
        >
          <h5
            class="MuiTypography-root makeStyles-text-2 MuiTypography-h5"
          >
            USEFUL LINKS
          </h5>
          <ul
            class="footer-ul"
          >
            <li>
              <a
                class="makeStyles-text-2"
                href="https://fn.se/globala-malen-for-hallbar-utveckling/"
                target="_blank"
              >
                Sustainable Development Goals
              </a>
            </li>
            <li>
              <a
                class="makeStyles-text-2"
                href="https://en.wikipedia.org/wiki/Endor_(Star_Wars)"
                target="_blank"
              >
                Endor
              </a>
            </li>
            <li>
              <a
                class="makeStyles-text-2"
                href="https://www.wateraid.org/facts-and-statistics"
                target="_blank"
              >
                Wateraid - facts and statistics
              </a>
            </li>
          </ul>
        </div>
      </div>
    </div>
  </footer>
</DocumentFragment>
`;
